---
source: crates/oxc_linter/src/tester.rs
---
  ⚠ eslint-plugin-unicorn(filename-case): Filename should be in kebab case
   ╭─[filename_case.tsx:1:1]
   ╰────

  ⚠ eslint-plugin-unicorn(filename-case): Filename should be in camel case
   ╭─[filename_case.tsx:1:1]
   ╰────

  ⚠ eslint-plugin-unicorn(filename-case): Filename should be in camel case
   ╭─[filename_case.tsx:1:1]
   ╰────

  ⚠ eslint-plugin-unicorn(filename-case): Filename should be in snake case
   ╭─[filename_case.tsx:1:1]
   ╰────

  ⚠ eslint-plugin-unicorn(filename-case): Filename should be in snake case
   ╭─[filename_case.tsx:1:1]
   ╰────

  ⚠ eslint-plugin-unicorn(filename-case): Filename should be in snake case
   ╭─[filename_case.tsx:1:1]
   ╰────

  ⚠ eslint-plugin-unicorn(filename-case): Filename should be in kebab case
   ╭─[filename_case.tsx:1:1]
   ╰────

  ⚠ eslint-plugin-unicorn(filename-case): Filename should be in kebab case
   ╭─[filename_case.tsx:1:1]
   ╰────

  ⚠ eslint-plugin-unicorn(filename-case): Filename should be in kebab case
   ╭─[filename_case.tsx:1:1]
   ╰────

  ⚠ eslint-plugin-unicorn(filename-case): Filename should be in pascal case
   ╭─[filename_case.tsx:1:1]
   ╰────

  ⚠ eslint-plugin-unicorn(filename-case): Filename should be in pascal case
   ╭─[filename_case.tsx:1:1]
   ╰────

  ⚠ eslint-plugin-unicorn(filename-case): Filename should be in pascal case
   ╭─[filename_case.tsx:1:1]
   ╰────

  ⚠ eslint-plugin-unicorn(filename-case): Filename should be in camel case
   ╭─[filename_case.tsx:1:1]
   ╰────

  ⚠ eslint-plugin-unicorn(filename-case): Filename should be in camel case
   ╭─[filename_case.tsx:1:1]
   ╰────

  ⚠ eslint-plugin-unicorn(filename-case): Filename should be in snake case
   ╭─[filename_case.tsx:1:1]
   ╰────

  ⚠ eslint-plugin-unicorn(filename-case): Filename should be in snake case
   ╭─[filename_case.tsx:1:1]
   ╰────

  ⚠ eslint-plugin-unicorn(filename-case): Filename should be in kebab case
   ╭─[filename_case.tsx:1:1]
   ╰────

  ⚠ eslint-plugin-unicorn(filename-case): Filename should be in kebab case
   ╭─[filename_case.tsx:1:1]
   ╰────

  ⚠ eslint-plugin-unicorn(filename-case): Filename should be in pascal case
   ╭─[filename_case.tsx:1:1]
   ╰────

  ⚠ eslint-plugin-unicorn(filename-case): Filename should be in pascal case
   ╭─[filename_case.tsx:1:1]
   ╰────

  ⚠ eslint-plugin-unicorn(filename-case): Filename should be in kebab case
   ╭─[filename_case.tsx:1:1]
   ╰────

  ⚠ eslint-plugin-unicorn(filename-case): Filename should be in camel case, or pascal case
   ╭─[filename_case.tsx:1:1]
   ╰────

  ⚠ eslint-plugin-unicorn(filename-case): Filename should be in camel case, kebab case, or pascal case
   ╭─[filename_case.tsx:1:1]
   ╰────

  ⚠ eslint-plugin-unicorn(filename-case): Filename should be in snake case
   ╭─[filename_case.tsx:1:1]
   ╰────

  ⚠ eslint-plugin-unicorn(filename-case): Filename should be in kebab case
   ╭─[filename_case.tsx:1:1]
   ╰────

  ⚠ eslint-plugin-unicorn(filename-case): Filename should be in kebab case
   ╭─[filename_case.tsx:1:1]
   ╰────

  ⚠ eslint-plugin-unicorn(filename-case): Filename should be in kebab case
   ╭─[filename_case.tsx:1:1]
   ╰────

  ⚠ eslint-plugin-unicorn(filename-case): Filename should be in camel case, kebab case, or pascal case
   ╭─[filename_case.tsx:1:1]
   ╰────
