---
source: crates/oxc_linter/src/tester.rs
---
  ⚠ eslint-plugin-react-perf(jsx-no-new-object-as-prop): JSX attribute values should not contain objects created in the same scope.
   ╭─[jsx_no_new_object_as_prop.tsx:1:33]
 1 │ const Foo = () => <Item config={{}} />
   ·                                 ──
   ╰────
  help: simplify props or memoize props in the parent component (https://react.dev/reference/react/memo#my-component-rerenders-when-a-prop-is-an-object-or-array).

  ⚠ eslint-plugin-react-perf(jsx-no-new-object-as-prop): JSX attribute values should not contain objects created in the same scope.
   ╭─[jsx_no_new_object_as_prop.tsx:1:34]
 1 │ const Foo = () => (<Item config={new Object()} />)
   ·                                  ────────────
   ╰────
  help: simplify props or memoize props in the parent component (https://react.dev/reference/react/memo#my-component-rerenders-when-a-prop-is-an-object-or-array).

  ⚠ eslint-plugin-react-perf(jsx-no-new-object-as-prop): JSX attribute values should not contain objects created in the same scope.
   ╭─[jsx_no_new_object_as_prop.tsx:1:34]
 1 │ const Foo = () => (<Item config={Object()} />)
   ·                                  ────────
   ╰────
  help: simplify props or memoize props in the parent component (https://react.dev/reference/react/memo#my-component-rerenders-when-a-prop-is-an-object-or-array).

  ⚠ eslint-plugin-react-perf(jsx-no-new-object-as-prop): JSX attribute values should not contain objects created in the same scope.
   ╭─[jsx_no_new_object_as_prop.tsx:1:32]
 1 │ const Foo = () => (<div style={{display: 'none'}} />)
   ·                                ─────────────────
   ╰────
  help: simplify props or memoize props in the parent component (https://react.dev/reference/react/memo#my-component-rerenders-when-a-prop-is-an-object-or-array).

  ⚠ eslint-plugin-react-perf(jsx-no-new-object-as-prop): JSX attribute values should not contain objects created in the same scope.
   ╭─[jsx_no_new_object_as_prop.tsx:1:55]
 1 │ const Foo = () => (<Item config={this.props.config || {}} />)
   ·                                                       ──
   ╰────
  help: simplify props or memoize props in the parent component (https://react.dev/reference/react/memo#my-component-rerenders-when-a-prop-is-an-object-or-array).

  ⚠ eslint-plugin-react-perf(jsx-no-new-object-as-prop): JSX attribute values should not contain objects created in the same scope.
   ╭─[jsx_no_new_object_as_prop.tsx:1:74]
 1 │ const Foo = () => (<Item config={this.props.config ? this.props.config : {}} />)
   ·                                                                          ──
   ╰────
  help: simplify props or memoize props in the parent component (https://react.dev/reference/react/memo#my-component-rerenders-when-a-prop-is-an-object-or-array).

  ⚠ eslint-plugin-react-perf(jsx-no-new-object-as-prop): JSX attribute values should not contain objects created in the same scope.
   ╭─[jsx_no_new_object_as_prop.tsx:1:98]
 1 │ const Foo = () => (<Item config={this.props.config || (this.props.default ? this.props.default : {})} />)
   ·                                                                                                  ──
   ╰────
  help: simplify props or memoize props in the parent component (https://react.dev/reference/react/memo#my-component-rerenders-when-a-prop-is-an-object-or-array).
