           | Oxc        | ESBuild    | Oxc        | ESBuild    |
Original   | minified   | minified   | gzip       | gzip       | Fixture
-------------------------------------------------------------------------------------
72.14 kB   | 23.74 kB   | 23.70 kB   | 8.62 kB    | 8.54 kB    | react.development.js

173.90 kB  | 60.22 kB   | 59.82 kB   | 19.49 kB   | 19.33 kB   | moment.js 

287.63 kB  | 90.76 kB   | 90.07 kB   | 32.22 kB   | 31.95 kB   | jquery.js 

342.15 kB  | 119.00 kB  | 118.14 kB  | 44.66 kB   | 44.37 kB   | vue.js    

544.10 kB  | 72.53 kB   | 72.48 kB   | 26.23 kB   | 26.20 kB   | lodash.js 

555.77 kB  | 274.26 kB  | 270.13 kB  | 91.26 kB   | 90.80 kB   | d3.js     

1.01 MB    | 461.13 kB  | 458.89 kB  | 126.91 kB  | 126.71 kB  | bundle.min.js

1.25 MB    | 657.23 kB  | 646.76 kB  | 164.23 kB  | 163.73 kB  | three.js  

2.14 MB    | 735.70 kB  | 724.14 kB  | 181.11 kB  | 181.07 kB  | victory.js

3.20 MB    | 1.01 MB    | 1.01 MB    | 332.35 kB  | 331.56 kB  | echarts.js

6.69 MB    | 2.38 MB    | 2.31 MB    | 495.34 kB  | 488.28 kB  | antd.js   

10.95 MB   | 3.51 MB    | 3.49 MB    | 910.94 kB  | 915.50 kB  | typescript.js

