---
source: crates/oxc_isolated_declarations/tests/mod.rs
input_file: crates/oxc_isolated_declarations/tests/fixtures/eliminate-imports.ts
---
==================== .D.TS ====================

import { AExtend, BExtend, Type, CImplements, CType, ThisType1, ThisType2 } from 'mod';
export interface A extends AExtend<Type> {}
export declare class B extends BExtend {}
export declare class C {}
export declare function foo(): void;
export declare const bar: (this:ThisType2 ) => void;
