commit: d8086f14

codegen_typescript Summary:
AST Parsed     : 5283/5283 (100.00%)
Positive Passed: 5283/5283 (100.00%)
