commit: 64d2eeea

transformer_typescript Summary:
AST Parsed     : 5243/5243 (100.00%)
Positive Passed: 5210/5243 (99.37%)
Mismatch: "compiler/amdModuleName1.ts"
Mismatch: "compiler/avoidCycleWithVoidExpressionReturnedFromArrow.ts"
Mismatch: "compiler/clinterfaces.ts"
Mismatch: "compiler/collectionPatternNoError.ts"
Mismatch: "compiler/comparabilityTypeParametersRelatedByUnion.ts"
Mismatch: "compiler/constEnumMergingWithValues1.ts"
Mismatch: "compiler/constEnumMergingWithValues2.ts"
Mismatch: "compiler/constEnumMergingWithValues3.ts"
Mismatch: "compiler/constEnumMergingWithValues4.ts"
Mismatch: "compiler/constEnumMergingWithValues5.ts"
Mismatch: "compiler/elidedEmbeddedStatementsReplacedWithSemicolon.ts"
Mismatch: "compiler/es5-umd4.ts"
Mismatch: "compiler/exportAssignValueAndType.ts"
Mismatch: "compiler/exportAssignmentWithPrivacyError.ts"
Mismatch: "compiler/exportAssignmentWithoutIdentifier1.ts"
Mismatch: "compiler/exportEqualNamespaces.ts"
Mismatch: "compiler/exportEqualsAmd.ts"
Mismatch: "compiler/exportEqualsClassNoRedeclarationError.ts"
Mismatch: "compiler/exportEqualsCommonJs.ts"
Mismatch: "compiler/exportEqualsUmd.ts"
Mismatch: "compiler/module_augmentUninstantiatedModule2.ts"
Mismatch: "compiler/noCircularDefinitionOnExportOfPrivateInMergedNamespace.ts"
Mismatch: "compiler/noErrorUsingImportExportModuleAugmentationInDeclarationFile1.ts"
Mismatch: "compiler/recursiveFieldSetting.ts"
Mismatch: "compiler/sourceMapValidationExportAssignment.ts"
Mismatch: "compiler/sourceMapValidationExportAssignmentCommonjs.ts"
Mismatch: "compiler/varianceProblingAndZeroOrderIndexSignatureRelationsAlign.ts"
Mismatch: "compiler/varianceProblingAndZeroOrderIndexSignatureRelationsAlign2.ts"
Mismatch: "conformance/classes/members/privateNames/privateNameFieldParenthesisLeftAssignment.ts"
Mismatch: "conformance/classes/propertyMemberDeclarations/initializationOrdering1.ts"
Mismatch: "conformance/classes/propertyMemberDeclarations/instanceMemberInitialization.ts"
Mismatch: "conformance/decorators/class/constructor/parameter/decoratorOnClassConstructorParameter5.ts"
Mismatch: "conformance/statements/VariableStatements/usingDeclarations/usingDeclarationsTopLevelOfModule.2.ts"
