---
source: crates/oxc_semantic/tests/main.rs
input_file: crates/oxc_semantic/tests/fixtures/typescript-eslint/call-expression/call-expression.ts
---
[
  {
    "children": [
      {
        "children": [],
        "flag": "ScopeFlags(StrictMode | Function | Arrow)",
        "id": 1,
        "node": "ArrowFunctionExpression",
        "symbols": []
      }
    ],
    "flag": "ScopeFlags(StrictMode | Top)",
    "id": 0,
    "node": "Program",
    "symbols": [
      {
        "flag": "SymbolFlags(BlockScopedVariable | ConstVariable | ArrowFunction)",
        "id": 0,
        "name": "foo",
        "node": "VariableDeclarator(foo)",
        "references": [
          {
            "flag": "ReferenceFlags(Read)",
            "id": 0,
            "name": "foo",
            "node_id": 13
          },
          {
            "flag": "ReferenceFlags(Read)",
            "id": 2,
            "name": "foo",
            "node_id": 19
          }
        ]
      },
      {
        "flag": "SymbolFlags(BlockScopedVariable | ConstVariable)",
        "id": 1,
        "name": "a",
        "node": "VariableDeclarator(a)",
        "references": [
          {
            "flag": "ReferenceFlags(Read)",
            "id": 1,
            "name": "a",
            "node_id": 15
          },
          {
            "flag": "ReferenceFlags(Read)",
            "id": 3,
            "name": "a",
            "node_id": 21
          }
        ]
      }
    ]
  }
]
