---
source: crates/oxc_semantic/tests/main.rs
input_file: crates/oxc_semantic/tests/fixtures/typescript-eslint/jsx/namespaced-attribute.tsx
---
[
  {
    "children": [
      {
        "children": [],
        "flag": "ScopeFlags(StrictMode)",
        "id": 1,
        "node": "TSInterfaceDeclaration",
        "symbols": []
      },
      {
        "children": [],
        "flag": "ScopeFlags(StrictMode | Function)",
        "id": 2,
        "node": "Function(Foo)",
        "symbols": [
          {
            "flag": "SymbolFlags(FunctionScopedVariable)",
            "id": 5,
            "name": "props",
            "node": "FormalParameter(props)",
            "references": [
              {
                "flag": "ReferenceFlags(Read)",
                "id": 3,
                "name": "props",
                "node_id": 57
              }
            ]
          }
        ]
      }
    ],
    "flag": "ScopeFlags(StrictMode | Top)",
    "id": 0,
    "node": "Program",
    "symbols": [
      {
        "flag": "SymbolFlags(Import)",
        "id": 0,
        "name": "React",
        "node": "ImportNamespaceSpecifier",
        "references": []
      },
      {
        "flag": "SymbolFlags(BlockScopedVariable | ConstVariable)",
        "id": 1,
        "name": "x",
        "node": "VariableDeclarator(x)",
        "references": []
      },
      {
        "flag": "SymbolFlags(BlockScopedVariable | ConstVariable)",
        "id": 2,
        "name": "y",
        "node": "VariableDeclarator(y)",
        "references": []
      },
      {
        "flag": "SymbolFlags(Interface)",
        "id": 3,
        "name": "FooProps",
        "node": "TSInterfaceDeclaration",
        "references": [
          {
            "flag": "ReferenceFlags(Type)",
            "id": 2,
            "name": "FooProps",
            "node_id": 45
          }
        ]
      },
      {
        "flag": "SymbolFlags(BlockScopedVariable | Function)",
        "id": 4,
        "name": "Foo",
        "node": "Function(Foo)",
        "references": [
          {
            "flag": "ReferenceFlags(Read)",
            "id": 0,
            "name": "Foo",
            "node_id": 12
          },
          {
            "flag": "ReferenceFlags(Read)",
            "id": 1,
            "name": "Foo",
            "node_id": 24
          }
        ]
      }
    ]
  }
]
