commit: bc5c1417

estree_test262 Summary:
AST Parsed     : 44293/44293 (100.00%)
Positive Passed: 43974/44293 (99.28%)
tasks/coverage/test262/test/annexB/built-ins/RegExp/prototype/compile/pattern-string-u.js
serde_json error: unexpected end of hex escape at line 316 column 33

tasks/coverage/test262/test/annexB/built-ins/String/prototype/substr/surrogate-pairs.js
serde_json error: lone leading surrogate in hex escape at line 154 column 28

tasks/coverage/test262/test/built-ins/Array/prototype/concat/Array.prototype.concat_spreadable-string-wrapper.js
serde_json error: unexpected end of hex escape at line 245 column 33

tasks/coverage/test262/test/built-ins/JSON/stringify/value-string-escape-unicode.js
serde_json error: unexpected end of hex escape at line 62 column 33

Mismatch: tasks/coverage/test262/test/built-ins/Proxy/preventExtensions/trap-is-undefined-target-is-proxy.js
tasks/coverage/test262/test/built-ins/RegExp/dotall/with-dotall-unicode.js
serde_json error: unexpected end of hex escape at line 804 column 39

tasks/coverage/test262/test/built-ins/RegExp/dotall/with-dotall.js
serde_json error: unexpected end of hex escape at line 811 column 39

tasks/coverage/test262/test/built-ins/RegExp/dotall/without-dotall-unicode.js
serde_json error: unexpected end of hex escape at line 832 column 39

tasks/coverage/test262/test/built-ins/RegExp/dotall/without-dotall.js
serde_json error: unexpected end of hex escape at line 839 column 39

tasks/coverage/test262/test/built-ins/RegExp/escape/escaped-surrogates.js
serde_json error: unexpected end of hex escape at line 62 column 33

Mismatch: tasks/coverage/test262/test/built-ins/RegExp/named-groups/duplicate-names-exec.js
Mismatch: tasks/coverage/test262/test/built-ins/RegExp/named-groups/duplicate-names-group-property-enumeration-order.js
Mismatch: tasks/coverage/test262/test/built-ins/RegExp/named-groups/duplicate-names-match-indices.js
Mismatch: tasks/coverage/test262/test/built-ins/RegExp/named-groups/duplicate-names-match.js
Mismatch: tasks/coverage/test262/test/built-ins/RegExp/named-groups/duplicate-names-matchall.js
Mismatch: tasks/coverage/test262/test/built-ins/RegExp/named-groups/duplicate-names-replace.js
Mismatch: tasks/coverage/test262/test/built-ins/RegExp/named-groups/duplicate-names-replaceall.js
Mismatch: tasks/coverage/test262/test/built-ins/RegExp/named-groups/duplicate-names-search.js
Mismatch: tasks/coverage/test262/test/built-ins/RegExp/named-groups/duplicate-names-split.js
Mismatch: tasks/coverage/test262/test/built-ins/RegExp/named-groups/duplicate-names-test.js
tasks/coverage/test262/test/built-ins/RegExp/named-groups/non-unicode-property-names-invalid.js
serde_json error: unexpected end of hex escape at line 473 column 44

tasks/coverage/test262/test/built-ins/RegExp/named-groups/unicode-property-names-invalid.js
serde_json error: unexpected end of hex escape at line 508 column 44

tasks/coverage/test262/test/built-ins/RegExp/prototype/Symbol.replace/coerce-unicode.js
serde_json error: unexpected end of hex escape at line 232 column 32

tasks/coverage/test262/test/built-ins/RegExp/prototype/exec/S15.10.6.2_A3_T2.js
serde_json error: recursion limit exceeded at line 509 column 263

tasks/coverage/test262/test/built-ins/RegExp/prototype/exec/S15.10.6.2_A3_T3.js
serde_json error: recursion limit exceeded at line 509 column 263

tasks/coverage/test262/test/built-ins/RegExp/prototype/exec/S15.10.6.2_A3_T4.js
serde_json error: recursion limit exceeded at line 509 column 263

Mismatch: tasks/coverage/test262/test/built-ins/RegExp/prototype/exec/duplicate-named-groups-properties.js
Mismatch: tasks/coverage/test262/test/built-ins/RegExp/prototype/exec/duplicate-named-indices-groups-properties.js
tasks/coverage/test262/test/built-ins/RegExp/prototype/exec/u-captured-value.js
serde_json error: unexpected end of hex escape at line 298 column 29

Mismatch: tasks/coverage/test262/test/built-ins/RegExp/regexp-modifiers/add-dotAll-does-not-affect-alternatives-outside.js
Mismatch: tasks/coverage/test262/test/built-ins/RegExp/regexp-modifiers/add-dotAll-does-not-affect-dotAll-property.js
Mismatch: tasks/coverage/test262/test/built-ins/RegExp/regexp-modifiers/add-dotAll-does-not-affect-ignoreCase-flag.js
Mismatch: tasks/coverage/test262/test/built-ins/RegExp/regexp-modifiers/add-dotAll-does-not-affect-multiline-flag.js
tasks/coverage/test262/test/built-ins/RegExp/regexp-modifiers/add-dotAll.js
serde_json error: unexpected end of hex escape at line 866 column 33

Mismatch: tasks/coverage/test262/test/built-ins/RegExp/regexp-modifiers/add-ignoreCase-affects-backreferences.js
Mismatch: tasks/coverage/test262/test/built-ins/RegExp/regexp-modifiers/add-ignoreCase-affects-characterClasses.js
Mismatch: tasks/coverage/test262/test/built-ins/RegExp/regexp-modifiers/add-ignoreCase-affects-characterEscapes.js
Mismatch: tasks/coverage/test262/test/built-ins/RegExp/regexp-modifiers/add-ignoreCase-affects-slash-lower-b.js
Mismatch: tasks/coverage/test262/test/built-ins/RegExp/regexp-modifiers/add-ignoreCase-affects-slash-lower-p.js
Mismatch: tasks/coverage/test262/test/built-ins/RegExp/regexp-modifiers/add-ignoreCase-affects-slash-lower-w.js
Mismatch: tasks/coverage/test262/test/built-ins/RegExp/regexp-modifiers/add-ignoreCase-affects-slash-upper-b.js
Mismatch: tasks/coverage/test262/test/built-ins/RegExp/regexp-modifiers/add-ignoreCase-affects-slash-upper-p.js
Mismatch: tasks/coverage/test262/test/built-ins/RegExp/regexp-modifiers/add-ignoreCase-affects-slash-upper-w.js
Mismatch: tasks/coverage/test262/test/built-ins/RegExp/regexp-modifiers/add-ignoreCase-does-not-affect-alternatives-outside.js
Mismatch: tasks/coverage/test262/test/built-ins/RegExp/regexp-modifiers/add-ignoreCase-does-not-affect-dotAll-flag.js
Mismatch: tasks/coverage/test262/test/built-ins/RegExp/regexp-modifiers/add-ignoreCase-does-not-affect-ignoreCase-property.js
Mismatch: tasks/coverage/test262/test/built-ins/RegExp/regexp-modifiers/add-ignoreCase-does-not-affect-multiline-flag.js
Mismatch: tasks/coverage/test262/test/built-ins/RegExp/regexp-modifiers/add-ignoreCase.js
Mismatch: tasks/coverage/test262/test/built-ins/RegExp/regexp-modifiers/add-multiline-does-not-affect-alternatives-outside.js
Mismatch: tasks/coverage/test262/test/built-ins/RegExp/regexp-modifiers/add-multiline-does-not-affect-dotAll-flag.js
Mismatch: tasks/coverage/test262/test/built-ins/RegExp/regexp-modifiers/add-multiline-does-not-affect-ignoreCase-flag.js
Mismatch: tasks/coverage/test262/test/built-ins/RegExp/regexp-modifiers/add-multiline-does-not-affect-multiline-property.js
Mismatch: tasks/coverage/test262/test/built-ins/RegExp/regexp-modifiers/add-multiline.js
Mismatch: tasks/coverage/test262/test/built-ins/RegExp/regexp-modifiers/add-remove-modifiers.js
tasks/coverage/test262/test/built-ins/RegExp/regexp-modifiers/changing-dotAll-flag-does-not-affect-dotAll-modifier.js
serde_json error: unexpected end of hex escape at line 886 column 33

Mismatch: tasks/coverage/test262/test/built-ins/RegExp/regexp-modifiers/changing-ignoreCase-flag-does-not-affect-ignoreCase-modifier.js
Mismatch: tasks/coverage/test262/test/built-ins/RegExp/regexp-modifiers/changing-multiline-flag-does-not-affect-multiline-modifier.js
Mismatch: tasks/coverage/test262/test/built-ins/RegExp/regexp-modifiers/nested-add-remove-modifiers.js
tasks/coverage/test262/test/built-ins/RegExp/regexp-modifiers/nesting-add-dotAll-within-remove-dotAll.js
serde_json error: unexpected end of hex escape at line 866 column 33

Mismatch: tasks/coverage/test262/test/built-ins/RegExp/regexp-modifiers/nesting-add-ignoreCase-within-remove-ignoreCase.js
Mismatch: tasks/coverage/test262/test/built-ins/RegExp/regexp-modifiers/nesting-add-multiline-within-remove-multiline.js
Mismatch: tasks/coverage/test262/test/built-ins/RegExp/regexp-modifiers/nesting-dotAll-does-not-affect-alternatives-outside.js
Mismatch: tasks/coverage/test262/test/built-ins/RegExp/regexp-modifiers/nesting-ignoreCase-does-not-affect-alternatives-outside.js
Mismatch: tasks/coverage/test262/test/built-ins/RegExp/regexp-modifiers/nesting-multiline-does-not-affect-alternatives-outside.js
tasks/coverage/test262/test/built-ins/RegExp/regexp-modifiers/nesting-remove-dotAll-within-add-dotAll.js
serde_json error: unexpected end of hex escape at line 894 column 33

Mismatch: tasks/coverage/test262/test/built-ins/RegExp/regexp-modifiers/nesting-remove-ignoreCase-within-add-ignoreCase.js
Mismatch: tasks/coverage/test262/test/built-ins/RegExp/regexp-modifiers/nesting-remove-multiline-within-add-multiline.js
Mismatch: tasks/coverage/test262/test/built-ins/RegExp/regexp-modifiers/remove-dotAll-does-not-affect-alternatives-outside.js
Mismatch: tasks/coverage/test262/test/built-ins/RegExp/regexp-modifiers/remove-dotAll-does-not-affect-dotAll-property.js
Mismatch: tasks/coverage/test262/test/built-ins/RegExp/regexp-modifiers/remove-dotAll-does-not-affect-ignoreCase-flag.js
Mismatch: tasks/coverage/test262/test/built-ins/RegExp/regexp-modifiers/remove-dotAll-does-not-affect-multiline-flag.js
tasks/coverage/test262/test/built-ins/RegExp/regexp-modifiers/remove-dotAll.js
serde_json error: unexpected end of hex escape at line 894 column 33

Mismatch: tasks/coverage/test262/test/built-ins/RegExp/regexp-modifiers/remove-ignoreCase-affects-backreferences.js
Mismatch: tasks/coverage/test262/test/built-ins/RegExp/regexp-modifiers/remove-ignoreCase-affects-characterClasses.js
Mismatch: tasks/coverage/test262/test/built-ins/RegExp/regexp-modifiers/remove-ignoreCase-affects-characterEscapes.js
Mismatch: tasks/coverage/test262/test/built-ins/RegExp/regexp-modifiers/remove-ignoreCase-affects-slash-lower-b.js
Mismatch: tasks/coverage/test262/test/built-ins/RegExp/regexp-modifiers/remove-ignoreCase-affects-slash-lower-p.js
Mismatch: tasks/coverage/test262/test/built-ins/RegExp/regexp-modifiers/remove-ignoreCase-affects-slash-lower-w.js
Mismatch: tasks/coverage/test262/test/built-ins/RegExp/regexp-modifiers/remove-ignoreCase-affects-slash-upper-b.js
Mismatch: tasks/coverage/test262/test/built-ins/RegExp/regexp-modifiers/remove-ignoreCase-affects-slash-upper-p.js
Mismatch: tasks/coverage/test262/test/built-ins/RegExp/regexp-modifiers/remove-ignoreCase-affects-slash-upper-w.js
Mismatch: tasks/coverage/test262/test/built-ins/RegExp/regexp-modifiers/remove-ignoreCase-does-not-affect-alternatives-outside.js
Mismatch: tasks/coverage/test262/test/built-ins/RegExp/regexp-modifiers/remove-ignoreCase-does-not-affect-dotAll-flag.js
Mismatch: tasks/coverage/test262/test/built-ins/RegExp/regexp-modifiers/remove-ignoreCase-does-not-affect-ignoreCase-property.js
Mismatch: tasks/coverage/test262/test/built-ins/RegExp/regexp-modifiers/remove-ignoreCase-does-not-affect-multiline-flag.js
Mismatch: tasks/coverage/test262/test/built-ins/RegExp/regexp-modifiers/remove-ignoreCase.js
Mismatch: tasks/coverage/test262/test/built-ins/RegExp/regexp-modifiers/remove-multiline-does-not-affect-alternatives-outside.js
Mismatch: tasks/coverage/test262/test/built-ins/RegExp/regexp-modifiers/remove-multiline-does-not-affect-dotAll-flag.js
Mismatch: tasks/coverage/test262/test/built-ins/RegExp/regexp-modifiers/remove-multiline-does-not-affect-ignoreCase-flag.js
Mismatch: tasks/coverage/test262/test/built-ins/RegExp/regexp-modifiers/remove-multiline-does-not-affect-multiline-property.js
Mismatch: tasks/coverage/test262/test/built-ins/RegExp/regexp-modifiers/remove-multiline.js
Mismatch: tasks/coverage/test262/test/built-ins/RegExp/regexp-modifiers/syntax/valid/add-and-remove-modifiers-can-have-empty-remove-modifiers.js
Mismatch: tasks/coverage/test262/test/built-ins/RegExp/regexp-modifiers/syntax/valid/add-and-remove-modifiers.js
Mismatch: tasks/coverage/test262/test/built-ins/RegExp/regexp-modifiers/syntax/valid/add-modifiers-when-nested.js
Mismatch: tasks/coverage/test262/test/built-ins/RegExp/regexp-modifiers/syntax/valid/add-modifiers-when-not-set-as-flags.js
Mismatch: tasks/coverage/test262/test/built-ins/RegExp/regexp-modifiers/syntax/valid/add-modifiers-when-set-as-flags.js
Mismatch: tasks/coverage/test262/test/built-ins/RegExp/regexp-modifiers/syntax/valid/remove-modifiers-when-nested.js
Mismatch: tasks/coverage/test262/test/built-ins/RegExp/regexp-modifiers/syntax/valid/remove-modifiers-when-not-set-as-flags.js
Mismatch: tasks/coverage/test262/test/built-ins/RegExp/regexp-modifiers/syntax/valid/remove-modifiers-when-set-as-flags.js
tasks/coverage/test262/test/built-ins/String/prototype/at/returns-code-unit.js
serde_json error: unexpected end of hex escape at line 103 column 31

tasks/coverage/test262/test/built-ins/String/prototype/codePointAt/return-first-code-unit.js
serde_json error: lone leading surrogate in hex escape at line 46 column 38

tasks/coverage/test262/test/built-ins/String/prototype/codePointAt/return-single-code-unit.js
serde_json error: lone leading surrogate in hex escape at line 416 column 32

tasks/coverage/test262/test/built-ins/String/prototype/isWellFormed/returns-boolean.js
serde_json error: unexpected end of hex escape at line 103 column 29

Mismatch: tasks/coverage/test262/test/built-ins/String/prototype/match/duplicate-named-groups-properties.js
Mismatch: tasks/coverage/test262/test/built-ins/String/prototype/match/duplicate-named-indices-groups-properties.js
tasks/coverage/test262/test/built-ins/String/prototype/match/regexp-prototype-match-v-u-flag.js
serde_json error: unexpected end of hex escape at line 638 column 33

tasks/coverage/test262/test/built-ins/String/prototype/padEnd/normal-operation.js
serde_json error: unexpected end of hex escape at line 242 column 36

tasks/coverage/test262/test/built-ins/String/prototype/padStart/normal-operation.js
serde_json error: unexpected end of hex escape at line 242 column 33

tasks/coverage/test262/test/built-ins/String/prototype/toWellFormed/returns-well-formed-string.js
serde_json error: unexpected end of hex escape at line 129 column 29

tasks/coverage/test262/test/built-ins/StringIteratorPrototype/next/next-iteration-surrogate-pairs.js
serde_json error: unexpected end of hex escape at line 25 column 29

tasks/coverage/test262/test/intl402/NumberFormat/prototype/format/format-non-finite-numbers.js
serde_json error: unexpected end of hex escape at line 164 column 41

tasks/coverage/test262/test/intl402/Segmenter/prototype/segment/containing/breakable-input.js
serde_json error: lone leading surrogate in hex escape at line 111 column 32

tasks/coverage/test262/test/intl402/Segmenter/prototype/segment/containing/unbreakable-input.js
serde_json error: unexpected end of hex escape at line 104 column 33

tasks/coverage/test262/test/intl402/Segmenter/prototype/segment/containing/zero-index.js
serde_json error: unexpected end of hex escape at line 184 column 33

Mismatch: tasks/coverage/test262/test/language/expressions/assignment/fn-name-lhs-cover.js
Mismatch: tasks/coverage/test262/test/language/expressions/assignment/target-cover-id.js
Mismatch: tasks/coverage/test262/test/language/expressions/class/scope-name-lex-open-heritage.js
Mismatch: tasks/coverage/test262/test/language/expressions/dynamic-import/import-attributes/2nd-param-await-ident.js
Mismatch: tasks/coverage/test262/test/language/expressions/dynamic-import/reuse-namespace-object-from-import.js
Mismatch: tasks/coverage/test262/test/language/expressions/function/scope-name-var-open-non-strict.js
Mismatch: tasks/coverage/test262/test/language/expressions/function/scope-name-var-open-strict.js
Mismatch: tasks/coverage/test262/test/language/expressions/generators/scope-name-var-open-non-strict.js
Mismatch: tasks/coverage/test262/test/language/expressions/generators/scope-name-var-open-strict.js
Mismatch: tasks/coverage/test262/test/language/expressions/import.meta/distinct-for-each-module.js
Mismatch: tasks/coverage/test262/test/language/expressions/in/private-field-presence-accessor-shadowed.js
Mismatch: tasks/coverage/test262/test/language/expressions/in/private-field-presence-accessor.js
Mismatch: tasks/coverage/test262/test/language/expressions/in/private-field-presence-field-shadowed.js
Mismatch: tasks/coverage/test262/test/language/expressions/in/private-field-presence-field.js
Mismatch: tasks/coverage/test262/test/language/expressions/in/private-field-presence-method-shadowed.js
Mismatch: tasks/coverage/test262/test/language/expressions/in/private-field-presence-method.js
Mismatch: tasks/coverage/test262/test/language/expressions/in/private-field-rhs-await-absent.js
Mismatch: tasks/coverage/test262/test/language/expressions/in/private-field-rhs-await-present.js
Mismatch: tasks/coverage/test262/test/language/expressions/in/private-field-rhs-non-object.js
Mismatch: tasks/coverage/test262/test/language/expressions/in/private-field-rhs-unresolvable.js
Mismatch: tasks/coverage/test262/test/language/expressions/in/private-field-rhs-yield-present.js
Mismatch: tasks/coverage/test262/test/language/expressions/postfix-decrement/target-cover-id.js
Mismatch: tasks/coverage/test262/test/language/expressions/postfix-increment/target-cover-id.js
Mismatch: tasks/coverage/test262/test/language/expressions/prefix-decrement/target-cover-id.js
Mismatch: tasks/coverage/test262/test/language/expressions/prefix-increment/target-cover-id.js
Mismatch: tasks/coverage/test262/test/language/expressions/template-literal/tv-line-terminator-sequence.js
Mismatch: tasks/coverage/test262/test/language/import/import-attributes/json-extensibility-array.js
Mismatch: tasks/coverage/test262/test/language/import/import-attributes/json-extensibility-object.js
Mismatch: tasks/coverage/test262/test/language/import/import-attributes/json-idempotency.js
Mismatch: tasks/coverage/test262/test/language/import/import-attributes/json-invalid.js
Mismatch: tasks/coverage/test262/test/language/import/import-attributes/json-named-bindings.js
Mismatch: tasks/coverage/test262/test/language/import/import-attributes/json-value-array.js
Mismatch: tasks/coverage/test262/test/language/import/import-attributes/json-value-boolean.js
Mismatch: tasks/coverage/test262/test/language/import/import-attributes/json-value-null.js
Mismatch: tasks/coverage/test262/test/language/import/import-attributes/json-value-number.js
Mismatch: tasks/coverage/test262/test/language/import/import-attributes/json-value-object.js
Mismatch: tasks/coverage/test262/test/language/import/import-attributes/json-value-string.js
Mismatch: tasks/coverage/test262/test/language/import/import-attributes/json-via-namespace.js
Mismatch: tasks/coverage/test262/test/language/import/import-defer/errors/get-other-while-dep-evaluating/main.js
Mismatch: tasks/coverage/test262/test/language/import/import-defer/errors/get-other-while-dep-evaluating-async/main.js
Mismatch: tasks/coverage/test262/test/language/import/import-defer/errors/get-other-while-evaluating/main.js
Mismatch: tasks/coverage/test262/test/language/import/import-defer/errors/get-other-while-evaluating-async/main.js
Mismatch: tasks/coverage/test262/test/language/import/import-defer/syntax/valid-default-binding-named-defer.js
tasks/coverage/test262/test/language/literals/regexp/named-groups/invalid-lone-surrogate-groupname.js
serde_json error: unexpected end of hex escape at line 64 column 40

tasks/coverage/test262/test/language/literals/regexp/u-astral.js
serde_json error: unexpected end of hex escape at line 614 column 33

tasks/coverage/test262/test/language/literals/regexp/u-surrogate-pairs-atom-char-class.js
serde_json error: unexpected end of hex escape at line 125 column 33

tasks/coverage/test262/test/language/literals/regexp/u-surrogate-pairs-atom-escape-decimal.js
serde_json error: unexpected end of hex escape at line 67 column 37

Mismatch: tasks/coverage/test262/test/language/module-code/eval-export-dflt-cls-anon.js
Mismatch: tasks/coverage/test262/test/language/module-code/eval-export-dflt-cls-name-meth.js
Mismatch: tasks/coverage/test262/test/language/module-code/eval-export-dflt-cls-named.js
Mismatch: tasks/coverage/test262/test/language/module-code/eval-export-dflt-expr-cls-anon.js
Mismatch: tasks/coverage/test262/test/language/module-code/eval-export-dflt-expr-cls-name-meth.js
Mismatch: tasks/coverage/test262/test/language/module-code/eval-export-dflt-expr-cls-named.js
Mismatch: tasks/coverage/test262/test/language/module-code/eval-export-dflt-expr-fn-anon.js
Mismatch: tasks/coverage/test262/test/language/module-code/eval-export-dflt-expr-fn-named.js
Mismatch: tasks/coverage/test262/test/language/module-code/eval-export-dflt-expr-gen-anon.js
Mismatch: tasks/coverage/test262/test/language/module-code/eval-export-dflt-expr-gen-named.js
Mismatch: tasks/coverage/test262/test/language/module-code/eval-export-dflt-expr-in.js
Mismatch: tasks/coverage/test262/test/language/module-code/eval-gtbndng-indirect-trlng-comma.js
Mismatch: tasks/coverage/test262/test/language/module-code/eval-gtbndng-indirect-update-as.js
Mismatch: tasks/coverage/test262/test/language/module-code/eval-gtbndng-indirect-update-dflt.js
Mismatch: tasks/coverage/test262/test/language/module-code/eval-gtbndng-indirect-update.js
Mismatch: tasks/coverage/test262/test/language/module-code/eval-rqstd-abrupt.js
Mismatch: tasks/coverage/test262/test/language/module-code/eval-rqstd-once.js
Mismatch: tasks/coverage/test262/test/language/module-code/eval-rqstd-order.js
Mismatch: tasks/coverage/test262/test/language/module-code/eval-self-once.js
Mismatch: tasks/coverage/test262/test/language/module-code/export-expname-binding-index.js
Mismatch: tasks/coverage/test262/test/language/module-code/export-expname-binding-string.js
Mismatch: tasks/coverage/test262/test/language/module-code/export-expname-from-binding-string.js
Mismatch: tasks/coverage/test262/test/language/module-code/export-expname-from-star-string.js
Mismatch: tasks/coverage/test262/test/language/module-code/export-expname-from-star.js
Mismatch: tasks/coverage/test262/test/language/module-code/export-expname-from-string-binding.js
Mismatch: tasks/coverage/test262/test/language/module-code/export-expname-from-string-string.js
Mismatch: tasks/coverage/test262/test/language/module-code/export-expname-from-string.js
Mismatch: tasks/coverage/test262/test/language/module-code/export-expname-import-string-binding.js
Mismatch: tasks/coverage/test262/test/language/module-code/export-star-as-dflt.js
Mismatch: tasks/coverage/test262/test/language/module-code/import-attributes/allow-nlt-before-with.js
Mismatch: tasks/coverage/test262/test/language/module-code/import-attributes/import-attribute-empty.js
Mismatch: tasks/coverage/test262/test/language/module-code/import-attributes/import-attribute-key-identifiername.js
Mismatch: tasks/coverage/test262/test/language/module-code/import-attributes/import-attribute-key-string-double.js
Mismatch: tasks/coverage/test262/test/language/module-code/import-attributes/import-attribute-key-string-single.js
Mismatch: tasks/coverage/test262/test/language/module-code/import-attributes/import-attribute-many.js
Mismatch: tasks/coverage/test262/test/language/module-code/import-attributes/import-attribute-newlines.js
Mismatch: tasks/coverage/test262/test/language/module-code/import-attributes/import-attribute-trlng-comma.js
Mismatch: tasks/coverage/test262/test/language/module-code/import-attributes/import-attribute-value-string-double.js
Mismatch: tasks/coverage/test262/test/language/module-code/import-attributes/import-attribute-value-string-single.js
Mismatch: tasks/coverage/test262/test/language/module-code/instn-iee-bndng-cls.js
Mismatch: tasks/coverage/test262/test/language/module-code/instn-iee-bndng-const.js
Mismatch: tasks/coverage/test262/test/language/module-code/instn-iee-bndng-fun.js
Mismatch: tasks/coverage/test262/test/language/module-code/instn-iee-bndng-gen.js
Mismatch: tasks/coverage/test262/test/language/module-code/instn-iee-bndng-let.js
Mismatch: tasks/coverage/test262/test/language/module-code/instn-iee-bndng-var.js
Mismatch: tasks/coverage/test262/test/language/module-code/instn-iee-err-ambiguous-as.js
Mismatch: tasks/coverage/test262/test/language/module-code/instn-iee-err-ambiguous.js
Mismatch: tasks/coverage/test262/test/language/module-code/instn-iee-err-circular-as.js
Mismatch: tasks/coverage/test262/test/language/module-code/instn-iee-err-circular.js
Mismatch: tasks/coverage/test262/test/language/module-code/instn-iee-err-dflt-thru-star-as.js
Mismatch: tasks/coverage/test262/test/language/module-code/instn-iee-err-dflt-thru-star.js
Mismatch: tasks/coverage/test262/test/language/module-code/instn-iee-err-not-found-as.js
Mismatch: tasks/coverage/test262/test/language/module-code/instn-iee-err-not-found.js
Mismatch: tasks/coverage/test262/test/language/module-code/instn-iee-iee-cycle.js
Mismatch: tasks/coverage/test262/test/language/module-code/instn-iee-star-cycle.js
Mismatch: tasks/coverage/test262/test/language/module-code/instn-iee-trlng-comma.js
Mismatch: tasks/coverage/test262/test/language/module-code/instn-named-bndng-cls.js
Mismatch: tasks/coverage/test262/test/language/module-code/instn-named-bndng-const.js
Mismatch: tasks/coverage/test262/test/language/module-code/instn-named-bndng-dflt-cls.js
Mismatch: tasks/coverage/test262/test/language/module-code/instn-named-bndng-dflt-expr.js
Mismatch: tasks/coverage/test262/test/language/module-code/instn-named-bndng-dflt-fun-anon.js
Mismatch: tasks/coverage/test262/test/language/module-code/instn-named-bndng-dflt-fun-named.js
Mismatch: tasks/coverage/test262/test/language/module-code/instn-named-bndng-dflt-gen-anon.js
Mismatch: tasks/coverage/test262/test/language/module-code/instn-named-bndng-dflt-gen-named.js
Mismatch: tasks/coverage/test262/test/language/module-code/instn-named-bndng-dflt-named.js
Mismatch: tasks/coverage/test262/test/language/module-code/instn-named-bndng-dflt-star.js
Mismatch: tasks/coverage/test262/test/language/module-code/instn-named-bndng-fun.js
Mismatch: tasks/coverage/test262/test/language/module-code/instn-named-bndng-gen.js
Mismatch: tasks/coverage/test262/test/language/module-code/instn-named-bndng-let.js
Mismatch: tasks/coverage/test262/test/language/module-code/instn-named-bndng-trlng-comma.js
Mismatch: tasks/coverage/test262/test/language/module-code/instn-named-bndng-var.js
Mismatch: tasks/coverage/test262/test/language/module-code/instn-named-err-ambiguous-as.js
Mismatch: tasks/coverage/test262/test/language/module-code/instn-named-err-ambiguous.js
Mismatch: tasks/coverage/test262/test/language/module-code/instn-named-err-dflt-thru-star-as.js
Mismatch: tasks/coverage/test262/test/language/module-code/instn-named-err-dflt-thru-star-dflt.js
Mismatch: tasks/coverage/test262/test/language/module-code/instn-named-err-not-found-as.js
Mismatch: tasks/coverage/test262/test/language/module-code/instn-named-err-not-found-dflt.js
Mismatch: tasks/coverage/test262/test/language/module-code/instn-named-err-not-found.js
Mismatch: tasks/coverage/test262/test/language/module-code/instn-named-id-name.js
Mismatch: tasks/coverage/test262/test/language/module-code/instn-named-iee-cycle.js
Mismatch: tasks/coverage/test262/test/language/module-code/instn-named-star-cycle.js
Mismatch: tasks/coverage/test262/test/language/module-code/instn-once.js
Mismatch: tasks/coverage/test262/test/language/module-code/instn-resolve-empty-export.js
Mismatch: tasks/coverage/test262/test/language/module-code/instn-resolve-empty-import.js
Mismatch: tasks/coverage/test262/test/language/module-code/instn-resolve-err-syntax-1.js
Mismatch: tasks/coverage/test262/test/language/module-code/instn-resolve-err-syntax-2.js
Mismatch: tasks/coverage/test262/test/language/module-code/instn-resolve-order-depth.js
Mismatch: tasks/coverage/test262/test/language/module-code/instn-resolve-order-src.js
Mismatch: tasks/coverage/test262/test/language/module-code/instn-same-global.js
Mismatch: tasks/coverage/test262/test/language/module-code/instn-star-ambiguous.js
Mismatch: tasks/coverage/test262/test/language/module-code/instn-star-as-props-dflt-skip.js
Mismatch: tasks/coverage/test262/test/language/module-code/instn-star-binding.js
Mismatch: tasks/coverage/test262/test/language/module-code/instn-star-equality.js
Mismatch: tasks/coverage/test262/test/language/module-code/instn-star-err-not-found.js
Mismatch: tasks/coverage/test262/test/language/module-code/instn-star-id-name.js
Mismatch: tasks/coverage/test262/test/language/module-code/instn-star-iee-cycle.js
Mismatch: tasks/coverage/test262/test/language/module-code/instn-star-props-circular.js
Mismatch: tasks/coverage/test262/test/language/module-code/instn-star-props-dflt-keep-indirect.js
Mismatch: tasks/coverage/test262/test/language/module-code/instn-star-props-dflt-keep-local.js
Mismatch: tasks/coverage/test262/test/language/module-code/instn-star-props-dflt-skip.js
Mismatch: tasks/coverage/test262/test/language/module-code/instn-star-props-nrml.js
Mismatch: tasks/coverage/test262/test/language/module-code/instn-star-star-cycle.js
Mismatch: tasks/coverage/test262/test/language/module-code/instn-uniq-env-rec.js
Mismatch: tasks/coverage/test262/test/language/module-code/namespace/Symbol.iterator.js
Mismatch: tasks/coverage/test262/test/language/module-code/namespace/Symbol.toStringTag.js
Mismatch: tasks/coverage/test262/test/language/module-code/namespace/internals/define-own-property.js
Mismatch: tasks/coverage/test262/test/language/module-code/namespace/internals/delete-exported-init.js
Mismatch: tasks/coverage/test262/test/language/module-code/namespace/internals/delete-exported-uninit.js
Mismatch: tasks/coverage/test262/test/language/module-code/namespace/internals/delete-non-exported.js
Mismatch: tasks/coverage/test262/test/language/module-code/namespace/internals/enumerate-binding-uninit.js
Mismatch: tasks/coverage/test262/test/language/module-code/namespace/internals/get-nested-namespace-dflt-skip.js
Mismatch: tasks/coverage/test262/test/language/module-code/namespace/internals/get-nested-namespace-props-nrml.js
Mismatch: tasks/coverage/test262/test/language/module-code/namespace/internals/get-own-property-str-found-init.js
Mismatch: tasks/coverage/test262/test/language/module-code/namespace/internals/get-own-property-str-found-uninit.js
Mismatch: tasks/coverage/test262/test/language/module-code/namespace/internals/get-own-property-str-not-found.js
Mismatch: tasks/coverage/test262/test/language/module-code/namespace/internals/get-own-property-sym.js
Mismatch: tasks/coverage/test262/test/language/module-code/namespace/internals/get-prototype-of.js
Mismatch: tasks/coverage/test262/test/language/module-code/namespace/internals/get-str-found-init.js
Mismatch: tasks/coverage/test262/test/language/module-code/namespace/internals/get-str-found-uninit.js
Mismatch: tasks/coverage/test262/test/language/module-code/namespace/internals/get-str-initialize.js
Mismatch: tasks/coverage/test262/test/language/module-code/namespace/internals/get-str-not-found.js
Mismatch: tasks/coverage/test262/test/language/module-code/namespace/internals/get-str-update.js
Mismatch: tasks/coverage/test262/test/language/module-code/namespace/internals/get-sym-found.js
Mismatch: tasks/coverage/test262/test/language/module-code/namespace/internals/get-sym-not-found.js
Mismatch: tasks/coverage/test262/test/language/module-code/namespace/internals/has-property-str-found-init.js
Mismatch: tasks/coverage/test262/test/language/module-code/namespace/internals/has-property-str-found-uninit.js
Mismatch: tasks/coverage/test262/test/language/module-code/namespace/internals/has-property-str-not-found.js
Mismatch: tasks/coverage/test262/test/language/module-code/namespace/internals/has-property-sym-found.js
Mismatch: tasks/coverage/test262/test/language/module-code/namespace/internals/has-property-sym-not-found.js
Mismatch: tasks/coverage/test262/test/language/module-code/namespace/internals/is-extensible.js
Mismatch: tasks/coverage/test262/test/language/module-code/namespace/internals/object-hasOwnProperty-binding-uninit.js
Mismatch: tasks/coverage/test262/test/language/module-code/namespace/internals/object-keys-binding-uninit.js
Mismatch: tasks/coverage/test262/test/language/module-code/namespace/internals/object-propertyIsEnumerable-binding-uninit.js
Mismatch: tasks/coverage/test262/test/language/module-code/namespace/internals/own-property-keys-binding-types.js
Mismatch: tasks/coverage/test262/test/language/module-code/namespace/internals/own-property-keys-sort.js
Mismatch: tasks/coverage/test262/test/language/module-code/namespace/internals/prevent-extensions.js
Mismatch: tasks/coverage/test262/test/language/module-code/namespace/internals/set-prototype-of-null.js
Mismatch: tasks/coverage/test262/test/language/module-code/namespace/internals/set-prototype-of.js
Mismatch: tasks/coverage/test262/test/language/module-code/namespace/internals/set.js
Mismatch: tasks/coverage/test262/test/language/module-code/source-phase-import/import-source-binding-name.js
Mismatch: tasks/coverage/test262/test/language/module-code/top-level-await/async-module-does-not-block-sibling-modules.js
Mismatch: tasks/coverage/test262/test/language/module-code/top-level-await/dfs-invariant.js
Mismatch: tasks/coverage/test262/test/language/module-code/top-level-await/module-async-import-async-resolution-ticks.js
Mismatch: tasks/coverage/test262/test/language/module-code/top-level-await/module-graphs-does-not-hang.js
Mismatch: tasks/coverage/test262/test/language/module-code/top-level-await/module-import-rejection-body.js
Mismatch: tasks/coverage/test262/test/language/module-code/top-level-await/module-import-rejection-tick.js
Mismatch: tasks/coverage/test262/test/language/module-code/top-level-await/module-import-rejection.js
Mismatch: tasks/coverage/test262/test/language/module-code/top-level-await/module-import-resolution.js
Mismatch: tasks/coverage/test262/test/language/module-code/top-level-await/module-import-unwrapped.js
Mismatch: tasks/coverage/test262/test/language/module-code/top-level-await/module-self-import-async-resolution-ticks.js
Mismatch: tasks/coverage/test262/test/language/module-code/top-level-await/module-sync-import-async-resolution-ticks.js
Mismatch: tasks/coverage/test262/test/language/module-code/verify-dfs.js
Mismatch: tasks/coverage/test262/test/language/statements/class/scope-name-lex-open-heritage.js
Mismatch: tasks/coverage/test262/test/language/statements/for-in/head-lhs-cover.js
Mismatch: tasks/coverage/test262/test/language/statements/for-of/head-lhs-async-parens.js
Mismatch: tasks/coverage/test262/test/language/statements/for-of/head-lhs-cover.js
tasks/coverage/test262/test/language/statements/for-of/string-astral-truncated.js
serde_json error: unexpected end of hex escape at line 25 column 30

tasks/coverage/test262/test/language/statements/function/S13.2.1_A1_T1.js
serde_json error: recursion limit exceeded at line 551 column 263

