commit: b6d96c07

estree_acorn_jsx Summary:
AST Parsed     : 39/39 (100.00%)
Positive Passed: 34/39 (87.18%)
Mismatch: tasks/coverage/acorn-test262/test-acorn-jsx/pass/010.jsx
Mismatch: tasks/coverage/acorn-test262/test-acorn-jsx/pass/013.jsx
Mismatch: tasks/coverage/acorn-test262/test-acorn-jsx/pass/020.jsx
Mismatch: tasks/coverage/acorn-test262/test-acorn-jsx/pass/028.jsx
Mismatch: tasks/coverage/acorn-test262/test-acorn-jsx/pass/046.jsx
