commit: 578ac4df

transformer_babel Summary:
AST Parsed     : 2322/2322 (100.00%)
Positive Passed: 2319/2322 (99.87%)
Mismatch: tasks/coverage/babel/packages/babel-parser/test/fixtures/es2017/async-functions/context-division-after-expression/input.js
Mismatch: tasks/coverage/babel/packages/babel-parser/test/fixtures/es2022/class-private-properties/await-in-private-property-in-async/input.js
Mismatch: tasks/coverage/babel/packages/babel-parser/test/fixtures/es2022/class-properties/await-in-class-property-in-async/input.js
